Microchip MPLAB XC8 Compiler V2.45

Linker command line:

-W-3 \
  --edf=C:\Program Files\Microchip\xc8\v2.45\pic\dat\20230818022343_en.msgs \
  -cn -h+dist/default/debug\EE_TP10.X.debug.sym \
  --cmf=dist/default/debug\EE_TP10.X.debug.cmf -z -Q16F1827 \
  -oC:\Users\luizl\AppData\Local\Temp\xcAsimo.\driver_tmp_3.o \
  --defsym=__MPLAB_BUILD=1 --fixupoverflow=error \
  -Mdist/default/debug/EE_TP10.X.debug.map \
  --md=C:\Users\luizl\AppData\Local\Temp\xcAsimo.\driver_tmp_0.dat -E1 \
  -ver=XC8 Compiler -ACODE=00h-07FFhx2 -ASTRCODE=00h-0FFFh \
  -ASTRING=00h-0FFhx16 -ACONST=00h-0FFhx16 -AENTRY=00h-0FFhx16 \
  -ACOMMON=070h-07Fh -ABANK0=020h-06Fh -ABANK1=0A0h-0EFh \
  -ABANK2=0120h-016Fh -ABANK3=01A0h-01EFh -ABANK4=0220h-024Fh \
  -ABIGRAM=02000h-0216Fh \
  -ARAM=020h-06Fh,0A0h-0EFh,0120h-016Fh,01A0h-01EFh,0220h-024Fh \
  -AABS1=020h-07Fh,0A0h-0EFh,0120h-016Fh,01A0h-01EFh,0220h-024Fh \
  -ASFR0=00h-01Fh -ASFR1=080h-09Fh -ASFR2=0100h-011Fh -ASFR3=0180h-019Fh \
  -ASFR4=0200h-021Fh -ASFR5=0280h-02EFh -ASFR6=0300h-036Fh \
  -ASFR7=0380h-03EFh -ASFR8=0400h-046Fh -ASFR9=0480h-04EFh \
  -ASFR10=0500h-056Fh -ASFR11=0580h-05EFh -ASFR12=0600h-066Fh \
  -ASFR13=0680h-06EFh -ASFR14=0700h-076Fh -ASFR15=0780h-07EFh \
  -ASFR16=0800h-086Fh -ASFR17=0880h-08EFh -ASFR18=0900h-096Fh \
  -ASFR19=0980h-09EFh -ASFR20=0A00h-0A6Fh -ASFR21=0A80h-0AEFh \
  -ASFR22=0B00h-0B6Fh -ASFR23=0B80h-0BEFh -ASFR24=0C00h-0C6Fh \
  -ASFR25=0C80h-0CEFh -ASFR26=0D00h-0D6Fh -ASFR27=0D80h-0DEFh \
  -ASFR28=0E00h-0E6Fh -ASFR29=0E80h-0EEFh -ASFR30=0F00h-0F6Fh \
  -ASFR31=0F80h-0FEFh -ACONFIG=08007h-08008h -DCONFIG=2 \
  -AIDLOC=08000h-08003h -DIDLOC=2 -AEEDATA=00h-0FFh/0F000h \
  -peeprom_data=EEDATA -DEEDATA=2 -DCODE=2 -DSTRCODE=2 -DSTRING=2 -DCONST=2 \
  -DENTRY=2 -preset_vec=00h,intentry=04h,init,end_init -ppowerup=CODE \
  -pcinit=CODE -pfunctab=ENTRY -k \
  C:\Users\luizl\AppData\Local\Temp\xcAsimo.\driver_tmp_17.o \
  dist/default/debug\EE_TP10.X.debug.o 

Object code version is 3.11

Machine type is 16F1827



                Name                               Link     Load   Length Selector   Space Scale
C:\Users\luizl\AppData\Local\Temp\xcAsimo.\driver_tmp_17.o
                end_init                             12       12        2        8       0
                reset_vec                             0        0        2        0       0
                config                             8007     8007        2        0       4
dist/default/debug\EE_TP10.X.debug.o
                cinit                                14       14       1E        8       0
                intentry                              4        4        E        8       0
                config                             8007     8007        2        0       4
                text35                              6F3      6F3        E        8       0
                text34                              3D8      3D8       64        8       0
                text33                              6A2      6A2       17        8       0
                text32                              748      748        1      E86       0
                text31                              11C      11C       EA        8       0
                text30                              66C      66C       1C        8       0
                text29                              5CB      5CB       35        8       0
                text28                              303      303       71        8       0
                text27                              596      596       35        8       0
                text26                              55B      55B       3B        8       0
                text25                              4DE      4DE       42        8       0
                text24                              48F      48F       4F        8       0
                text23                              747      747        1      E86       0
                text22                              6E1      6E1       12        8       0
                text20                              70D      70D        B        8       0
                text19                              736      736        5        8       0
                text18                              731      731        5        8       0
                text17                              72C      72C        5        8       0
                text16                              727      727        5        8       0
                text15                              62F      62F       21        8       0
                text14                              720      720        7        8       0
                text13                              688      688       1A        8       0
                text12                              701      701        C        8       0
                text11                              718      718        8        8       0
                text10                              6B9      6B9       16        8       0
                text9                               743      743        4      E86       0
                text8                               6CF      6CF       12        8       0
                text7                               374      374       64        8       0
                text6                               650      650       1C        8       0
                text5                                32       32       EA        8       0
                text4                               206      206       8C        8       0
                text3                               600      600       2F        8       0
                text2                               520      520       3B        8       0
                text1                               43C      43C       53        8       0
                maintext                            292      292       71        8       0
                cstackBANK0                          20       20       3C       20       1
                cstackCOMMON                         70       70        E       70       1
                cstackBANK1                          A0       A0       39       A0       1
                dataBANK1                            DF       DF        4       A0       1
                bssBANK1                             E3       E3        1       A0       1
                bssBANK0                             5C       5C        7       20       1
                nvBANK1                              D9       D9        6       A0       1
                nvBANK0                              63       63        6       20       1
                stringtext1                         73F      73F        4      E7E       0
                idataBANK1                          73B      73B        4        8       0

TOTAL           Name                               Link     Load   Length     Space
        CLASS   CODE           
                end_init                             12       12        2         0
                cinit                                14       14       1E         0
                intentry                              4        4        E         0
                reset_vec                             0        0        2         0
                text35                              6F3      6F3        E         0
                text34                              3D8      3D8       64         0
                text33                              6A2      6A2       17         0
                text32                              748      748        1         0
                text31                              11C      11C       EA         0
                text30                              66C      66C       1C         0
                text29                              5CB      5CB       35         0
                text28                              303      303       71         0
                text27                              596      596       35         0
                text26                              55B      55B       3B         0
                text25                              4DE      4DE       42         0
                text24                              48F      48F       4F         0
                text23                              747      747        1         0
                text22                              6E1      6E1       12         0
                text20                              70D      70D        B         0
                text19                              736      736        5         0
                text18                              731      731        5         0
                text17                              72C      72C        5         0
                text16                              727      727        5         0
                text15                              62F      62F       21         0
                text14                              720      720        7         0
                text13                              688      688       1A         0
                text12                              701      701        C         0
                text11                              718      718        8         0
                text10                              6B9      6B9       16         0
                text9                               743      743        4         0
                text8                               6CF      6CF       12         0
                text7                               374      374       64         0
                text6                               650      650       1C         0
                text5                                32       32       EA         0
                text4                               206      206       8C         0
                text3                               600      600       2F         0
                text2                               520      520       3B         0
                text1                               43C      43C       53         0
                maintext                            292      292       71         0
                idataBANK1                          73B      73B        4         0

        CLASS   STRCODE        
                stringtext1                         73F      73F        4         0

        CLASS   STRING         

        CLASS   CONST          

        CLASS   ENTRY          

        CLASS   COMMON         
                cstackCOMMON                         70       70        E         1

        CLASS   BANK0          
                cstackBANK0                          20       20       3C         1
                bssBANK0                             5C       5C        7         1
                nvBANK0                              63       63        6         1

        CLASS   BANK1          
                cstackBANK1                          A0       A0       39         1
                dataBANK1                            DF       DF        4         1
                bssBANK1                             E3       E3        1         1
                nvBANK1                              D9       D9        6         1

        CLASS   BANK2          

        CLASS   BANK3          

        CLASS   BANK4          

        CLASS   BIGRAM         

        CLASS   RAM            

        CLASS   ABS1           
                abs_s1                               7E       7E        2         1

        CLASS   SFR0           

        CLASS   SFR1           

        CLASS   SFR2           

        CLASS   SFR3           

        CLASS   SFR4           

        CLASS   SFR5           

        CLASS   SFR6           

        CLASS   SFR7           

        CLASS   SFR8           

        CLASS   SFR9           

        CLASS   SFR10          

        CLASS   SFR11          

        CLASS   SFR12          

        CLASS   SFR13          

        CLASS   SFR14          

        CLASS   SFR15          

        CLASS   SFR16          

        CLASS   SFR17          

        CLASS   SFR18          

        CLASS   SFR19          

        CLASS   SFR20          

        CLASS   SFR21          

        CLASS   SFR22          

        CLASS   SFR23          

        CLASS   SFR24          

        CLASS   SFR25          

        CLASS   SFR26          

        CLASS   SFR27          

        CLASS   SFR28          

        CLASS   SFR29          

        CLASS   SFR30          

        CLASS   SFR31          

        CLASS   CONFIG         
                config                             8007     8007        2         4

        CLASS   IDLOC          

        CLASS   EEDATA         

        CLASS   BANK31         

        CLASS   BANK30         

        CLASS   BANK29         

        CLASS   BANK28         

        CLASS   BANK27         

        CLASS   BANK26         

        CLASS   BANK25         

        CLASS   BANK24         

        CLASS   BANK23         

        CLASS   BANK22         

        CLASS   BANK21         

        CLASS   BANK20         

        CLASS   BANK19         

        CLASS   BANK18         

        CLASS   BANK17         

        CLASS   BANK16         

        CLASS   BANK15         

        CLASS   BANK14         

        CLASS   BANK13         

        CLASS   BANK12         

        CLASS   BANK11         

        CLASS   BANK10         

        CLASS   BANK9          

        CLASS   BANK8          

        CLASS   BANK7          

        CLASS   BANK6          

        CLASS   BANK5          

        CLASS   HEAP           

        CLASS   STACK          



SEGMENTS        Name                           Load    Length   Top    Selector   Space  Class     Delta

                reset_vec                      000000  000002  000002         0       0  CODE        2
                intentry                       000004  00073B  00073F         8       0  CODE        2
                cstackBANK0                    000020  000049  000069        20       1  BANK0       1
                cstackCOMMON                   000070  00000E  00007E        70       1  COMMON      1
                cstackBANK1                    0000A0  000044  0000E4        A0       1  BANK1       1
                stringtext1                    00073F  000004  000743       E7E       0  STRCODE     2
                text9                          000743  000006  000749       E86       0  CODE        2


UNUSED ADDRESS RANGES

        Name                Unused          Largest block    Delta
        BANK0            00069-0006F               7           1
        BANK1            000E4-000EF               C           1
        BANK2            00120-0016F              50           1
        BANK3            001A0-001EF              50           1
        BANK4            00220-0024F              30           1
        BIGRAM           02000-0216F             170           1
        CODE             00002-00003               2           2
                         00749-00FFF              B7
        CONST            00002-00003               2           2
                         00749-00FFF             100
        EEDATA           0F000-0F0FF             100           2
        ENTRY            00002-00003               2           2
                         00749-00FFF             100
        IDLOC            08000-08003               4           2
        RAM              00069-0006F               7           1
                         000E4-000EF               C
                         00120-0016F              50
                         001A0-001EF              50
                         00220-0024F              30
        SFR0             00000-0001F              20           1
        SFR1             00080-0009F              20           1
        SFR10            00500-0056F              70           1
        SFR11            00580-005EF              70           1
        SFR12            00600-0066F              70           1
        SFR13            00680-006EF              70           1
        SFR14            00700-0076F              70           1
        SFR15            00780-007EF              70           1
        SFR16            00800-0086F              70           1
        SFR17            00880-008EF              70           1
        SFR18            00900-0096F              70           1
        SFR19            00980-009EF              70           1
        SFR2             00100-0011F              20           1
        SFR20            00A00-00A6F              70           1
        SFR21            00A80-00AEF              70           1
        SFR22            00B00-00B6F              70           1
        SFR23            00B80-00BEF              70           1
        SFR24            00C00-00C6F              70           1
        SFR25            00C80-00CEF              70           1
        SFR26            00D00-00D6F              70           1
        SFR27            00D80-00DEF              70           1
        SFR28            00E00-00E6F              70           1
        SFR29            00E80-00EEF              70           1
        SFR3             00180-0019F              20           1
        SFR30            00F00-00F6F              70           1
        SFR31            00F80-00FEF              70           1
        SFR4             00200-0021F              20           1
        SFR5             00280-002EF              70           1
        SFR6             00300-0036F              70           1
        SFR7             00380-003EF              70           1
        SFR8             00400-0046F              70           1
        SFR9             00480-004EF              70           1
        STRCODE          00002-00003               2           2
                         00749-00FFF             8B7
        STRING           00002-00003               2           2
                         00749-00FFF             100

                                  Symbol Table

?___altoft                                     cstackBANK0  0003A
?___awtoft                                     cstackBANK1  000B3
?___ftadd                                      cstackBANK1  000C6
?___ftmul                                      cstackBANK1  000B7
?___ftpack                                     cstackBANK1  000A0
?___ftsub                                      cstackBANK0  00049
?___fttol                                      cstackBANK0  0002D
?___lbtoft                                     cstackCOMMON 00078
?___lmul                                       cstackBANK1  000A0
?_rand                                         cstackBANK1  000AC
?_round                                        cstackBANK0  0004F
?_trunc                                        cstackBANK0  00041
?i1___ftadd                                    cstackBANK0  00021
?i1___ftpack                                   cstackCOMMON 00070
EUSART_SetErrorHandler@interruptHandler        cstackBANK1  000A0
EUSART_SetFramingErrorHandler@interruptHandler cstackBANK1  000A0
EUSART_SetOverrunErrorHandler@interruptHandler cstackBANK1  000A0
TMR1_SetInterruptHandler@InterruptHandler      cstackBANK1  000A0
TMR1_WriteTimer@timerVal                       cstackCOMMON 00070
_ANSELA                                        (abs)        0018C
_ANSELB                                        (abs)        0018D
_APFCON0                                       (abs)        0011D
_APFCON1                                       (abs)        0011E
_BAUDCON                                       (abs)        0019F
_BORCON                                        (abs)        00116
_EUSART_DefaultErrorHandler                    (abs)        00000
_EUSART_DefaultFramingErrorHandler             (abs)        00000
_EUSART_DefaultOverrunErrorHandler             (abs)        00000
_EUSART_ErrorHandler                           nvBANK1      000D9
_EUSART_FramingErrorHandler                    nvBANK1      000DD
_EUSART_Initialize                             text15       0062F
_EUSART_OverrunErrorHandler                    nvBANK1      000DB
_EUSART_Read                                   text20       0070D
_EUSART_SetErrorHandler                        text18       00731
_EUSART_SetFramingErrorHandler                 text17       0072C
_EUSART_SetOverrunErrorHandler                 text16       00727
_EUSART_is_rx_ready                            text19       00736
_INTCONbits                                    (abs)        0000B
_INTERRUPT_InterruptManager                    intentry     00004
_LATA                                          (abs)        0010C
_LATB                                          (abs)        0010D
_OPTION_REGbits                                (abs)        00095
_OSCCON                                        (abs)        00099
_OSCILLATOR_Initialize                         text14       00720
_OSCTUNE                                       (abs)        00098
_PIE1bits                                      (abs)        00091
_PIN_MANAGER_Initialize                        text13       00688
_PIR1bits                                      (abs)        00011
_RCREG                                         (abs)        00199
_RCSTA                                         (abs)        0019D
_RCSTAbits                                     (abs)        0019D
_SPBRGH                                        (abs)        0019C
_SPBRGL                                        (abs)        0019B
_SPI1_Initialize                               text12       00701
_SSP1ADD                                       (abs)        00212
_SSP1CON1                                      (abs)        00215
_SSP1CON1bits                                  (abs)        00215
_SSP1STAT                                      (abs)        00214
_SYSTEM_Initialize                             text8        006CF
_T                                             nvBANK0      00068
_T1CON                                         (abs)        00018
_T1CONbits                                     (abs)        00018
_T1GCON                                        (abs)        00019
_TMR1H                                         (abs)        00017
_TMR1L                                         (abs)        00016
_TMR1_DefaultInterruptHandler                  text23       00747
_TMR1_ISR                                      text22       006E1
_TMR1_Initialize                               text10       006B9
_TMR1_InterruptHandler                         nvBANK0      00066
_TMR1_SetInterruptHandler                      text11       00718
_TMR1_WriteTimer                               text35       006F3
_TRISA                                         (abs)        0008C
_TRISB                                         (abs)        0008D
_TRISBbits                                     (abs)        0008D
_TXSTA                                         (abs)        0019E
_WDTCON                                        (abs)        00097
_WDT_Initialize                                text9        00743
_WPUA                                          (abs)        0020C
_WPUB                                          (abs)        0020D
__H__absolute__                                __absolute__ 00000
__Habs1                                        abs1         00000
__Hbank0                                       bank0        00000
__Hbank1                                       bank1        00000
__Hbank10                                      bank10       00000
__Hbank11                                      bank11       00000
__Hbank12                                      bank12       00000
__Hbank13                                      bank13       00000
__Hbank14                                      bank14       00000
__Hbank15                                      bank15       00000
__Hbank16                                      bank16       00000
__Hbank17                                      bank17       00000
__Hbank18                                      bank18       00000
__Hbank19                                      bank19       00000
__Hbank2                                       bank2        00000
__Hbank20                                      bank20       00000
__Hbank21                                      bank21       00000
__Hbank22                                      bank22       00000
__Hbank23                                      bank23       00000
__Hbank24                                      bank24       00000
__Hbank25                                      bank25       00000
__Hbank26                                      bank26       00000
__Hbank27                                      bank27       00000
__Hbank28                                      bank28       00000
__Hbank29                                      bank29       00000
__Hbank3                                       bank3        00000
__Hbank30                                      bank30       00000
__Hbank31                                      bank31       00000
__Hbank4                                       bank4        00000
__Hbank5                                       bank5        00000
__Hbank6                                       bank6        00000
__Hbank7                                       bank7        00000
__Hbank8                                       bank8        00000
__Hbank9                                       bank9        00000
__Hbigram                                      bigram       00000
__HbssBANK0                                    bssBANK0     00000
__HbssBANK1                                    bssBANK1     00000
__Hcinit                                       cinit        00032
__Hclrtext                                     clrtext      00000
__Hcode                                        code         00000
__Hcommon                                      common       00000
__Hconfig                                      config       08009
__HcstackBANK0                                 cstackBANK0  00000
__HcstackBANK1                                 cstackBANK1  00000
__HcstackCOMMON                                cstackCOMMON 00000
__HdataBANK1                                   dataBANK1    00000
__Heeprom_data                                 eeprom_data  00000
__Hend_init                                    end_init     00014
__Hfunctab                                     functab      00000
__Hheap                                        heap         00000
__HidataBANK1                                  idataBANK1   00000
__Hinit                                        init         00012
__Hintentry                                    intentry     00012
__Hmaintext                                    maintext     00000
__HnvBANK0                                     nvBANK0      00000
__HnvBANK1                                     nvBANK1      00000
__Hpowerup                                     powerup      00000
__Hram                                         ram          00000
__Hreset_vec                                   reset_vec    00002
__Hsfr0                                        sfr0         00000
__Hsfr1                                        sfr1         00000
__Hsfr10                                       sfr10        00000
__Hsfr11                                       sfr11        00000
__Hsfr12                                       sfr12        00000
__Hsfr13                                       sfr13        00000
__Hsfr14                                       sfr14        00000
__Hsfr15                                       sfr15        00000
__Hsfr16                                       sfr16        00000
__Hsfr17                                       sfr17        00000
__Hsfr18                                       sfr18        00000
__Hsfr19                                       sfr19        00000
__Hsfr2                                        sfr2         00000
__Hsfr20                                       sfr20        00000
__Hsfr21                                       sfr21        00000
__Hsfr22                                       sfr22        00000
__Hsfr23                                       sfr23        00000
__Hsfr24                                       sfr24        00000
__Hsfr25                                       sfr25        00000
__Hsfr26                                       sfr26        00000
__Hsfr27                                       sfr27        00000
__Hsfr28                                       sfr28        00000
__Hsfr29                                       sfr29        00000
__Hsfr3                                        sfr3         00000
__Hsfr30                                       sfr30        00000
__Hsfr31                                       sfr31        00000
__Hsfr4                                        sfr4         00000
__Hsfr5                                        sfr5         00000
__Hsfr6                                        sfr6         00000
__Hsfr7                                        sfr7         00000
__Hsfr8                                        sfr8         00000
__Hsfr9                                        sfr9         00000
__Hspace_0                                     (abs)        00749
__Hspace_1                                     (abs)        000E4
__Hspace_2                                     (abs)        00000
__Hspace_3                                     (abs)        00000
__Hspace_4                                     (abs)        10010
__Hstack                                       stack        00000
__Hstrings                                     strings      00000
__Hstringtext1                                 stringtext1  00000
__Htext                                        text         00000
__L__absolute__                                __absolute__ 00000
__Labs1                                        abs1         00000
__Lbank0                                       bank0        00000
__Lbank1                                       bank1        00000
__Lbank10                                      bank10       00000
__Lbank11                                      bank11       00000
__Lbank12                                      bank12       00000
__Lbank13                                      bank13       00000
__Lbank14                                      bank14       00000
__Lbank15                                      bank15       00000
__Lbank16                                      bank16       00000
__Lbank17                                      bank17       00000
__Lbank18                                      bank18       00000
__Lbank19                                      bank19       00000
__Lbank2                                       bank2        00000
__Lbank20                                      bank20       00000
__Lbank21                                      bank21       00000
__Lbank22                                      bank22       00000
__Lbank23                                      bank23       00000
__Lbank24                                      bank24       00000
__Lbank25                                      bank25       00000
__Lbank26                                      bank26       00000
__Lbank27                                      bank27       00000
__Lbank28                                      bank28       00000
__Lbank29                                      bank29       00000
__Lbank3                                       bank3        00000
__Lbank30                                      bank30       00000
__Lbank31                                      bank31       00000
__Lbank4                                       bank4        00000
__Lbank5                                       bank5        00000
__Lbank6                                       bank6        00000
__Lbank7                                       bank7        00000
__Lbank8                                       bank8        00000
__Lbank9                                       bank9        00000
__Lbigram                                      bigram       00000
__LbssBANK0                                    bssBANK0     00000
__LbssBANK1                                    bssBANK1     00000
__Lcinit                                       cinit        00014
__Lclrtext                                     clrtext      00000
__Lcode                                        code         00000
__Lcommon                                      common       00000
__Lconfig                                      config       00000
__LcstackBANK0                                 cstackBANK0  00000
__LcstackBANK1                                 cstackBANK1  00000
__LcstackCOMMON                                cstackCOMMON 00000
__LdataBANK1                                   dataBANK1    00000
__Leeprom_data                                 eeprom_data  00000
__Lend_init                                    end_init     00012
__Lfunctab                                     functab      00000
__Lheap                                        heap         00000
__LidataBANK1                                  idataBANK1   00000
__Linit                                        init         00012
__Lintentry                                    intentry     00004
__Lmaintext                                    maintext     00000
__LnvBANK0                                     nvBANK0      00000
__LnvBANK1                                     nvBANK1      00000
__Lpowerup                                     powerup      00000
__Lram                                         ram          00000
__Lreset_vec                                   reset_vec    00000
__Lsfr0                                        sfr0         00000
__Lsfr1                                        sfr1         00000
__Lsfr10                                       sfr10        00000
__Lsfr11                                       sfr11        00000
__Lsfr12                                       sfr12        00000
__Lsfr13                                       sfr13        00000
__Lsfr14                                       sfr14        00000
__Lsfr15                                       sfr15        00000
__Lsfr16                                       sfr16        00000
__Lsfr17                                       sfr17        00000
__Lsfr18                                       sfr18        00000
__Lsfr19                                       sfr19        00000
__Lsfr2                                        sfr2         00000
__Lsfr20                                       sfr20        00000
__Lsfr21                                       sfr21        00000
__Lsfr22                                       sfr22        00000
__Lsfr23                                       sfr23        00000
__Lsfr24                                       sfr24        00000
__Lsfr25                                       sfr25        00000
__Lsfr26                                       sfr26        00000
__Lsfr27                                       sfr27        00000
__Lsfr28                                       sfr28        00000
__Lsfr29                                       sfr29        00000
__Lsfr3                                        sfr3         00000
__Lsfr30                                       sfr30        00000
__Lsfr31                                       sfr31        00000
__Lsfr4                                        sfr4         00000
__Lsfr5                                        sfr5         00000
__Lsfr6                                        sfr6         00000
__Lsfr7                                        sfr7         00000
__Lsfr8                                        sfr8         00000
__Lsfr9                                        sfr9         00000
__Lspace_0                                     (abs)        00000
__Lspace_1                                     (abs)        00000
__Lspace_2                                     (abs)        00000
__Lspace_3                                     (abs)        00000
__Lspace_4                                     (abs)        00000
__Lstack                                       stack        00000
__Lstrings                                     strings      00000
__Lstringtext1                                 stringtext1  00000
__Ltext                                        text         00000
__S0                                           (abs)        00749
__S1                                           (abs)        000E4
__S3                                           (abs)        00000
___altoft                                      text29       005CB
___altoft@c                                    cstackBANK0  0003A
___altoft@exp                                  cstackBANK0  0003F
___altoft@sign                                 cstackBANK0  00040
___awtoft                                      text6        00650
___awtoft@c                                    cstackBANK1  000B3
___awtoft@sign                                 cstackBANK1  000B6
___ftadd                                       text5        00032
___ftadd@exp1                                  cstackBANK1  000D1
___ftadd@exp2                                  cstackBANK1  000D0
___ftadd@f1                                    cstackBANK1  000C6
___ftadd@f2                                    cstackBANK1  000C9
___ftadd@sign                                  cstackBANK1  000CF
___ftmul                                       text4        00206
___ftmul@cntr                                  cstackBANK1  000C4
___ftmul@exp                                   cstackBANK1  000C0
___ftmul@f1                                    cstackBANK1  000B7
___ftmul@f2                                    cstackBANK1  000BA
___ftmul@f3_as_product                         cstackBANK1  000C1
___ftmul@sign                                  cstackBANK1  000C5
___ftpack                                      text7        00374
___ftpack@arg                                  cstackBANK1  000A0
___ftpack@exp                                  cstackBANK1  000A3
___ftpack@sign                                 cstackBANK1  000A4
___ftsub                                       text30       0066C
___ftsub@f1                                    cstackBANK0  0004C
___ftsub@f2                                    cstackBANK0  00049
___fttol                                       text28       00303
___fttol@exp1                                  cstackBANK0  00039
___fttol@f1                                    cstackBANK0  0002D
___fttol@lval                                  cstackBANK0  00035
___fttol@sign1                                 cstackBANK0  00034
___heap_hi                                     (abs)        00000
___heap_lo                                     (abs)        00000
___int_sp                                      stack        00000
___int_stack_hi                                stack        00000
___int_stack_lo                                stack        00000
___latbits                                     (abs)        00001
___lbtoft                                      text33       006A2
___lbtoft@c                                    cstackBANK0  00020
___lmul                                        text3        00600
___lmul@multiplicand                           cstackBANK1  000A4
___lmul@multiplier                             cstackBANK1  000A0
___lmul@product                                cstackBANK1  000A8
___sp                                          stack        00000
___stack_hi                                    stack        00000
___stack_lo                                    stack        00000
___stackhi                                     (abs)        00000
___stacklo                                     (abs)        00000
__end_of_EUSART_Initialize                     text15       00650
__end_of_EUSART_Read                           text20       00718
__end_of_EUSART_SetErrorHandler                text18       00736
__end_of_EUSART_SetFramingErrorHandler         text17       00731
__end_of_EUSART_SetOverrunErrorHandler         text16       0072C
__end_of_EUSART_is_rx_ready                    text19       0073B
__end_of_INTERRUPT_InterruptManager            intentry     00012
__end_of_OSCILLATOR_Initialize                 text14       00727
__end_of_PIN_MANAGER_Initialize                text13       006A2
__end_of_SPI1_Initialize                       text12       0070D
__end_of_SYSTEM_Initialize                     text8        006E1
__end_of_TMR1_DefaultInterruptHandler          text23       00748
__end_of_TMR1_ISR                              text22       006F3
__end_of_TMR1_Initialize                       text10       006CF
__end_of_TMR1_SetInterruptHandler              text11       00720
__end_of_TMR1_WriteTimer                       text35       00701
__end_of_WDT_Initialize                        text9        00747
__end_of___altoft                              text29       00600
__end_of___awtoft                              text6        0066C
__end_of___ftadd                               text5        0011C
__end_of___ftmul                               text4        00292
__end_of___ftpack                              text7        003D8
__end_of___ftsub                               text30       00688
__end_of___fttol                               text28       00374
__end_of___lbtoft                              text33       006B9
__end_of___lmul                                text3        0062F
__end_of__initialization                       cinit        0002E
__end_of_frexp                                 text27       005CB
__end_of_getParameters                         text32       00749
__end_of_main                                  maintext     00303
__end_of_rand                                  text2        0055B
__end_of_renderMatrix                          text24       004DE
__end_of_restart                               text1        0048F
__end_of_round                                 text25       00520
__end_of_spi1_configuration                    stringtext1  00743
__end_of_trunc                                 text26       00596
__end_ofi1___ftadd                             text31       00206
__end_ofi1___ftpack                            text34       0043C
__initialization                               cinit        00014
__pbssBANK0                                    bssBANK0     0005C
__pbssBANK1                                    bssBANK1     000E3
__pcstackBANK0                                 cstackBANK0  00020
__pcstackBANK1                                 cstackBANK1  000A0
__pcstackCOMMON                                cstackCOMMON 00070
__pdataBANK1                                   dataBANK1    000DF
__pidataBANK1                                  idataBANK1   0073B
__pintentry                                    intentry     00004
__pmaintext                                    maintext     00292
__pnvBANK0                                     nvBANK0      00063
__pnvBANK1                                     nvBANK1      000D9
__pstringtext1                                 stringtext1  0073F
__ptext1                                       text1        0043C
__ptext10                                      text10       006B9
__ptext11                                      text11       00718
__ptext12                                      text12       00701
__ptext13                                      text13       00688
__ptext14                                      text14       00720
__ptext15                                      text15       0062F
__ptext16                                      text16       00727
__ptext17                                      text17       0072C
__ptext18                                      text18       00731
__ptext19                                      text19       00736
__ptext2                                       text2        00520
__ptext20                                      text20       0070D
__ptext22                                      text22       006E1
__ptext23                                      text23       00747
__ptext24                                      text24       0048F
__ptext25                                      text25       004DE
__ptext26                                      text26       0055B
__ptext27                                      text27       00596
__ptext28                                      text28       00303
__ptext29                                      text29       005CB
__ptext3                                       text3        00600
__ptext30                                      text30       0066C
__ptext31                                      text31       0011C
__ptext32                                      text32       00748
__ptext33                                      text33       006A2
__ptext34                                      text34       003D8
__ptext35                                      text35       006F3
__ptext4                                       text4        00206
__ptext5                                       text5        00032
__ptext6                                       text6        00650
__ptext7                                       text7        00374
__ptext8                                       text8        006CF
__ptext9                                       text9        00743
_a                                             nvBANK0      00063
_coordinates                                   bssBANK0     00061
_eusartRxLastError                             bssBANK1     000E3
_frexp                                         text27       00596
_getParameters                                 text32       00748
_incX                                          bssBANK0     00062
_main                                          maintext     00292
_rand                                          text2        00520
_randx                                         dataBANK1    000DF
_renderMatrix                                  text24       0048F
_renderMatrix$1354                             cstackBANK0  00056
_renderMatrix$1372                             cstackBANK0  00059
_restart                                       text1        0043C
_round                                         text25       004DE
_timer1ReloadVal                               bssBANK0     0005E
_trunc                                         text26       0055B
btemp                                          (abs)        0007E
end_of_initialization                          cinit        0002E
frexp@eptr                                     cstackCOMMON 00073
frexp@value                                    cstackCOMMON 00070
i1___ftadd                                     text31       0011C
i1___ftadd@exp1                                cstackBANK0  0002C
i1___ftadd@exp2                                cstackBANK0  0002B
i1___ftadd@f1                                  cstackBANK0  00021
i1___ftadd@f2                                  cstackBANK0  00024
i1___ftadd@sign                                cstackBANK0  0002A
i1___ftpack                                    text34       003D8
i1___ftpack@arg                                cstackCOMMON 00070
i1___ftpack@exp                                cstackCOMMON 00073
i1___ftpack@sign                               cstackCOMMON 00074
int$flags                                      (abs)        0007E
intlevel0                                      functab      00000
intlevel1                                      functab      00000
intlevel2                                      functab      00000
intlevel3                                      functab      00000
intlevel4                                      functab      00000
intlevel5                                      functab      00000
main@rxByte                                    cstackBANK1  000D8
renderMatrix@count                             bssBANK0     00060
reset_vec                                      reset_vec    00000
round@f                                        cstackBANK0  00052
round@x                                        cstackBANK0  0004F
start                                          init         00012
start_initialization                           cinit        00014
trunc@expon                                    cstackBANK0  00047
trunc@i                                        cstackBANK0  00044
trunc@x                                        cstackBANK0  00041
wtemp0                                         (abs)        0007E


MODULE INFORMATION

Module		Function		Class		Link	Load	Size
C:\Program Files\Microchip\xc8\v2.45\pic\sources\c90\common\ftadd.c
		___ftadd       		CODE           	0032	0000	234

C:\Program Files\Microchip\xc8\v2.45\pic\sources\c90\common\ftadd.c estimated size: 234

C:\Program Files\Microchip\xc8\v2.45\pic\sources\c90\common\trunc.c
		_trunc         		CODE           	055B	0000	59

C:\Program Files\Microchip\xc8\v2.45\pic\sources\c90\common\trunc.c estimated size: 59

C:\Program Files\Microchip\xc8\v2.45\pic\sources\c90\common\awtoft.c
		___awtoft      		CODE           	0650	0000	28

C:\Program Files\Microchip\xc8\v2.45\pic\sources\c90\common\awtoft.c estimated size: 28

C:\Program Files\Microchip\xc8\v2.45\pic\sources\c90\common\lbtoft.c
		___lbtoft      		CODE           	06A2	0000	23

C:\Program Files\Microchip\xc8\v2.45\pic\sources\c90\common\lbtoft.c estimated size: 23

C:\Program Files\Microchip\xc8\v2.45\pic\sources\c90\common\altoft.c
		___altoft      		CODE           	05CB	0000	53

C:\Program Files\Microchip\xc8\v2.45\pic\sources\c90\common\altoft.c estimated size: 53

mcc_generated_files/interrupt_manager.c
		_INTERRUPT_InterruptManager		CODE           	0004	0000	14

mcc_generated_files/interrupt_manager.c estimated size: 14

C:\Program Files\Microchip\xc8\v2.45\pic\sources\c90\common\rand.c
		_rand          		CODE           	0520	0000	59

C:\Program Files\Microchip\xc8\v2.45\pic\sources\c90\common\rand.c estimated size: 59

mcc_generated_files/pin_manager.c
		_PIN_MANAGER_Initialize		CODE           	0688	0000	26

mcc_generated_files/pin_manager.c estimated size: 26

C:\Program Files\Microchip\xc8\v2.45\pic\sources\c90\common\ftsub.c
		___ftsub       		CODE           	066C	0000	28

C:\Program Files\Microchip\xc8\v2.45\pic\sources\c90\common\ftsub.c estimated size: 28

C:\Program Files\Microchip\xc8\v2.45\pic\sources\c90\common\float.c
		___ftpack      		CODE           	0374	0000	100

C:\Program Files\Microchip\xc8\v2.45\pic\sources\c90\common\float.c estimated size: 100

mcc_generated_files/spi1.c
		_SPI1_Initialize		CODE           	0701	0000	12

mcc_generated_files/spi1.c estimated size: 12

C:\Program Files\Microchip\xc8\v2.45\pic\sources\c90\common\round.c
		_round         		CODE           	04DE	0000	66

C:\Program Files\Microchip\xc8\v2.45\pic\sources\c90\common\round.c estimated size: 66

C:\Program Files\Microchip\xc8\v2.45\pic\sources\c90\common\frexp.c
		_frexp         		CODE           	0596	0000	53

C:\Program Files\Microchip\xc8\v2.45\pic\sources\c90\common\frexp.c estimated size: 53

shared
		i1___ftadd     		CODE           	011C	0000	234
		i1___ftpack    		CODE           	03D8	0000	100
		__initialization		CODE           	0014	0000	26
		_spi1_configuration		STRCODE        	0000	0000	0

shared estimated size: 360

mcc_generated_files/mcc.c
		_WDT_Initialize		CODE           	0743	0000	4
		_OSCILLATOR_Initialize		CODE           	0720	0000	7
		_SYSTEM_Initialize		CODE           	06CF	0000	18

mcc_generated_files/mcc.c estimated size: 29

C:\Program Files\Microchip\xc8\v2.45\pic\sources\c90\common\ftmul.c
		___ftmul       		CODE           	0206	0000	140

C:\Program Files\Microchip\xc8\v2.45\pic\sources\c90\common\ftmul.c estimated size: 140

mcc_generated_files/tmr1.c
		_TMR1_Initialize		CODE           	06B9	0000	22
		_TMR1_SetInterruptHandler		CODE           	0718	0000	8
		_TMR1_DefaultInterruptHandler		CODE           	0747	0000	1
		_TMR1_WriteTimer		CODE           	06F3	0000	14
		_TMR1_ISR      		CODE           	06E1	0000	18

mcc_generated_files/tmr1.c estimated size: 63

mcc_generated_files/eusart.c
		_EUSART_Read   		CODE           	070D	0000	11
		_EUSART_Initialize		CODE           	062F	0000	33
		_EUSART_SetFramingErrorHandler		CODE           	072C	0000	5
		_EUSART_SetErrorHandler		CODE           	0731	0000	5
		_EUSART_SetOverrunErrorHandler		CODE           	0727	0000	5
		_EUSART_is_rx_ready		CODE           	0736	0000	5

mcc_generated_files/eusart.c estimated size: 64

main.c
		_restart       		CODE           	043C	0000	83
		_main          		CODE           	0292	0000	113
		_renderMatrix  		CODE           	048F	0000	79
		_getParameters 		CODE           	0748	0000	1

main.c estimated size: 276

C:\Program Files\Microchip\xc8\v2.45\pic\sources\c90\common\Umul32.c
		___lmul        		CODE           	0600	0000	47

C:\Program Files\Microchip\xc8\v2.45\pic\sources\c90\common\Umul32.c estimated size: 47

C:\Program Files\Microchip\xc8\v2.45\pic\sources\c90\common\fttol.c
		___fttol       		CODE           	0303	0000	113

C:\Program Files\Microchip\xc8\v2.45\pic\sources\c90\common\fttol.c estimated size: 113

