Microchip MPLAB XC8 Compiler V2.45

Linker command line:

-W-3 \
  --edf=C:\Program Files\Microchip\xc8\v2.45\pic\dat\20230818022343_en.msgs \
  -cn -h+dist/default/debug\EE_TP8.X.debug.sym \
  --cmf=dist/default/debug\EE_TP8.X.debug.cmf -z -Q16F1827 \
  -oC:\Users\luizl\AppData\Local\Temp\xcAsm54.\driver_tmp_3.o \
  --defsym=__MPLAB_BUILD=1 --fixupoverflow=error \
  -Mdist/default/debug/EE_TP8.X.debug.map \
  --md=C:\Users\luizl\AppData\Local\Temp\xcAsm54.\driver_tmp_0.dat -E1 \
  -ver=XC8 Compiler --acfsm=1493 -ACODE=00h-07FFhx2 -ASTRCODE=00h-0FFFh \
  -ASTRING=00h-0FFhx16 -ACONST=00h-0FFhx16 -AENTRY=00h-0FFhx16 \
  -ACOMMON=070h-07Fh -ABANK0=020h-06Fh -ABANK1=0A0h-0EFh \
  -ABANK2=0120h-016Fh -ABANK3=01A0h-01EFh -ABANK4=0220h-023Fh \
  -ABIGRAM=02000h-0215Fh \
  -ARAM=020h-06Fh,0A0h-0EFh,0120h-016Fh,01A0h-01EFh,0220h-023Fh \
  -AABS1=020h-07Fh,0A0h-0EFh,0120h-016Fh,01A0h-01EFh,0220h-024Fh \
  -ASFR0=00h-01Fh -ASFR1=080h-09Fh -ASFR2=0100h-011Fh -ASFR3=0180h-019Fh \
  -ASFR4=0200h-021Fh -ASFR5=0280h-02EFh -ASFR6=0300h-036Fh \
  -ASFR7=0380h-03EFh -ASFR8=0400h-046Fh -ASFR9=0480h-04EFh \
  -ASFR10=0500h-056Fh -ASFR11=0580h-05EFh -ASFR12=0600h-066Fh \
  -ASFR13=0680h-06EFh -ASFR14=0700h-076Fh -ASFR15=0780h-07EFh \
  -ASFR16=0800h-086Fh -ASFR17=0880h-08EFh -ASFR18=0900h-096Fh \
  -ASFR19=0980h-09EFh -ASFR20=0A00h-0A6Fh -ASFR21=0A80h-0AEFh \
  -ASFR22=0B00h-0B6Fh -ASFR23=0B80h-0BEFh -ASFR24=0C00h-0C6Fh \
  -ASFR25=0C80h-0CEFh -ASFR26=0D00h-0D6Fh -ASFR27=0D80h-0DEFh \
  -ASFR28=0E00h-0E6Fh -ASFR29=0E80h-0EEFh -ASFR30=0F00h-0F6Fh \
  -ASFR31=0F80h-0FEFh -ACONFIG=08007h-08008h -DCONFIG=2 \
  -AIDLOC=08000h-08003h -DIDLOC=2 -AEEDATA=00h-0FFh/0F000h \
  -peeprom_data=EEDATA -DEEDATA=2 -DCODE=2 -DSTRCODE=2 -DSTRING=2 -DCONST=2 \
  -DENTRY=2 -preset_vec=00h,intentry=04h,init,end_init -ppowerup=CODE \
  -pcinit=CODE -pfunctab=ENTRY -k \
  C:\Users\luizl\AppData\Local\Temp\xcAsm54.\driver_tmp_15.o \
  dist/default/debug\EE_TP8.X.debug.o 

Object code version is 3.11

Machine type is 16F1827



                Name                               Link     Load   Length Selector   Space Scale
C:\Users\luizl\AppData\Local\Temp\xcAsm54.\driver_tmp_15.o
                end_init                             19       19        2        8       0
                reset_vec                             0        0        2        0       0
                config                             8007     8007        2        0       4
dist/default/debug\EE_TP8.X.debug.o
                cinit                                1B       1B       17        8       0
                intentry                              4        4       15        8       0
                config                             8007     8007        2        0       4
                text32                              F8F      F8F       1B     1F1E       0
                text31                              F2A      F2A        A     1E54       0
                text30                              7C7      7C7       23        8       0
                text29                               32       32      23B        8       0
                text28                              6DF      6DF       71        8       0
                text27                              5A7      5A7       AB        8       0
                text26                              417      417       E5        8       0
                text25                                3        3        1        6       0
                text24                              F34      F34        D     1E68       0
                text23                              7EA      7EA       11        8       0
                text22                              FE2      FE2       1E     1FC4       0
                text20                              F4F      F4F       10     1E9E       0
                text19                              7FB      7FB        5        8       0
                text18                              F11      F11        8     1E22       0
                text17                              F41      F41        E     1E82       0
                text16                              EF8      EF8        6     1DF0       0
                text15                              EFE      EFE        6     1DFC       0
                text14                              F04      F04        6     1E08       0
                text13                              7A2      7A2       25        8       0
                text12                              EF0      EF0        4     1DE0       0
                text11                              F0A      F0A        7     1E14       0
                text10                              F5F      F5F       18     1EBE       0
                text9                               F21      F21        9     1E42       0
                text8                               F77      F77       18     1EEE       0
                text7                               F19      F19        8     1E32       0
                text6                               EF4      EF4        4     1DE8       0
                text5                               FAA      FAA       1C     1F54       0
                text4                               FC6      FC6       1C     1F8C       0
                text3                               26D      26D      1AA        8       0
                text2                               4FC      4FC       AB        8       0
                text1                               652      652       8D        8       0
                maintext                            750      750       52        8       0
                cstackBANK0                          20       20       30       20       1
                cstackCOMMON                         70       70        E       70       1
                cstackBANK1                          A0       A0       2C       A0       1
                bssBANK1                             D2       D2        5       A0       1
                bssBANK0                             50       50        C       20       1
                nvBANK1                              CC       CC        6       A0       1
                nvBANK0                              5C       5C        A       20       1

TOTAL           Name                               Link     Load   Length     Space
        CLASS   CODE           
                end_init                             19       19        2         0
                cinit                                1B       1B       17         0
                intentry                              4        4       15         0
                reset_vec                             0        0        2         0
                text32                              F8F      F8F       1B         0
                text31                              F2A      F2A        A         0
                text30                              7C7      7C7       23         0
                text29                               32       32      23B         0
                text28                              6DF      6DF       71         0
                text27                              5A7      5A7       AB         0
                text26                              417      417       E5         0
                text25                                3        3        1         0
                text24                              F34      F34        D         0
                text23                              7EA      7EA       11         0
                text22                              FE2      FE2       1E         0
                text20                              F4F      F4F       10         0
                text19                              7FB      7FB        5         0
                text18                              F11      F11        8         0
                text17                              F41      F41        E         0
                text16                              EF8      EF8        6         0
                text15                              EFE      EFE        6         0
                text14                              F04      F04        6         0
                text13                              7A2      7A2       25         0
                text12                              EF0      EF0        4         0
                text11                              F0A      F0A        7         0
                text10                              F5F      F5F       18         0
                text9                               F21      F21        9         0
                text8                               F77      F77       18         0
                text7                               F19      F19        8         0
                text6                               EF4      EF4        4         0
                text5                               FAA      FAA       1C         0
                text4                               FC6      FC6       1C         0
                text3                               26D      26D      1AA         0
                text2                               4FC      4FC       AB         0
                text1                               652      652       8D         0
                maintext                            750      750       52         0

        CLASS   STRCODE        

        CLASS   STRING         

        CLASS   CONST          

        CLASS   ENTRY          

        CLASS   COMMON         
                cstackCOMMON                         70       70        E         1

        CLASS   BANK0          
                cstackBANK0                          20       20       30         1
                bssBANK0                             50       50        C         1
                nvBANK0                              5C       5C        A         1

        CLASS   BANK1          
                cstackBANK1                          A0       A0       2C         1
                bssBANK1                             D2       D2        5         1
                nvBANK1                              CC       CC        6         1

        CLASS   BANK2          

        CLASS   BANK3          

        CLASS   BANK4          

        CLASS   BIGRAM         

        CLASS   RAM            

        CLASS   ABS1           
                abs_s1                               7E       7E        2         1

        CLASS   SFR0           

        CLASS   SFR1           

        CLASS   SFR2           

        CLASS   SFR3           

        CLASS   SFR4           

        CLASS   SFR5           

        CLASS   SFR6           

        CLASS   SFR7           

        CLASS   SFR8           

        CLASS   SFR9           

        CLASS   SFR10          

        CLASS   SFR11          

        CLASS   SFR12          

        CLASS   SFR13          

        CLASS   SFR14          

        CLASS   SFR15          

        CLASS   SFR16          

        CLASS   SFR17          

        CLASS   SFR18          

        CLASS   SFR19          

        CLASS   SFR20          

        CLASS   SFR21          

        CLASS   SFR22          

        CLASS   SFR23          

        CLASS   SFR24          

        CLASS   SFR25          

        CLASS   SFR26          

        CLASS   SFR27          

        CLASS   SFR28          

        CLASS   SFR29          

        CLASS   SFR30          

        CLASS   SFR31          

        CLASS   CONFIG         
                config                             8007     8007        2         4

        CLASS   IDLOC          

        CLASS   EEDATA         

        CLASS   BANK31         

        CLASS   BANK30         

        CLASS   BANK29         

        CLASS   BANK28         

        CLASS   BANK27         

        CLASS   BANK26         

        CLASS   BANK25         

        CLASS   BANK24         

        CLASS   BANK23         

        CLASS   BANK22         

        CLASS   BANK21         

        CLASS   BANK20         

        CLASS   BANK19         

        CLASS   BANK18         

        CLASS   BANK17         

        CLASS   BANK16         

        CLASS   BANK15         

        CLASS   BANK14         

        CLASS   BANK13         

        CLASS   BANK12         

        CLASS   BANK11         

        CLASS   BANK10         

        CLASS   BANK9          

        CLASS   BANK8          

        CLASS   BANK7          

        CLASS   BANK6          

        CLASS   BANK5          

        CLASS   HEAP           

        CLASS   STACK          



SEGMENTS        Name                           Load    Length   Top    Selector   Space  Class     Delta

                reset_vec                      000000  000002  000002         0       0  CODE        2
                text25                         000003  000001  000004         6       0  CODE        2
                intentry                       000004  0007FC  000800         8       0  CODE        2
                cstackBANK0                    000020  000046  000066        20       1  BANK0       1
                cstackCOMMON                   000070  00000E  00007E        70       1  COMMON      1
                cstackBANK1                    0000A0  000037  0000D7        A0       1  BANK1       1
                text12                         000EF0  000004  000EF4      1DE0       0  CODE        2
                text6                          000EF4  000004  000EF8      1DE8       0  CODE        2
                text16                         000EF8  000006  000EFE      1DF0       0  CODE        2
                text15                         000EFE  000006  000F04      1DFC       0  CODE        2
                text14                         000F04  000006  000F0A      1E08       0  CODE        2
                text11                         000F0A  000007  000F11      1E14       0  CODE        2
                text18                         000F11  000008  000F19      1E22       0  CODE        2
                text7                          000F19  000008  000F21      1E32       0  CODE        2
                text9                          000F21  000009  000F2A      1E42       0  CODE        2
                text31                         000F2A  00000A  000F34      1E54       0  CODE        2
                text24                         000F34  00000D  000F41      1E68       0  CODE        2
                text17                         000F41  00000E  000F4F      1E82       0  CODE        2
                text20                         000F4F  000010  000F5F      1E9E       0  CODE        2
                text10                         000F5F  000018  000F77      1EBE       0  CODE        2
                text8                          000F77  000018  000F8F      1EEE       0  CODE        2
                text32                         000F8F  00001B  000FAA      1F1E       0  CODE        2
                text5                          000FAA  00001C  000FC6      1F54       0  CODE        2
                text4                          000FC6  00001C  000FE2      1F8C       0  CODE        2
                text22                         000FE2  00001E  001000      1FC4       0  CODE        2


UNUSED ADDRESS RANGES

        Name                Unused          Largest block    Delta
        BANK0            00066-0006F               A           1
        BANK1            000D7-000EF              19           1
        BANK2            00120-0016F              50           1
        BANK3            001A0-001EF              50           1
        BANK4            00220-0023F              20           1
        BIGRAM           02000-0215F             160           1
        CODE             00002-00002               1           2
                         00800-00EEF             6F0
        CONST            00002-00002               1           2
                         00800-00EEF             100
        EEDATA           0F000-0F0FF             100           2
        ENTRY            00002-00002               1           2
                         00800-00EEF             100
        IDLOC            08000-08003               4           2
        RAM              00066-0006F               A           1
                         000D7-000EF              19
                         00120-0016F              50
                         001A0-001EF              50
                         00220-0023F              20
        SFR0             00000-0001F              20           1
        SFR1             00080-0009F              20           1
        SFR10            00500-0056F              70           1
        SFR11            00580-005EF              70           1
        SFR12            00600-0066F              70           1
        SFR13            00680-006EF              70           1
        SFR14            00700-0076F              70           1
        SFR15            00780-007EF              70           1
        SFR16            00800-0086F              70           1
        SFR17            00880-008EF              70           1
        SFR18            00900-0096F              70           1
        SFR19            00980-009EF              70           1
        SFR2             00100-0011F              20           1
        SFR20            00A00-00A6F              70           1
        SFR21            00A80-00AEF              70           1
        SFR22            00B00-00B6F              70           1
        SFR23            00B80-00BEF              70           1
        SFR24            00C00-00C6F              70           1
        SFR25            00C80-00CEF              70           1
        SFR26            00D00-00D6F              70           1
        SFR27            00D80-00DEF              70           1
        SFR28            00E00-00E6F              70           1
        SFR29            00E80-00EEF              70           1
        SFR3             00180-0019F              20           1
        SFR30            00F00-00F6F              70           1
        SFR31            00F80-00FEF              70           1
        SFR4             00200-0021F              20           1
        SFR5             00280-002EF              70           1
        SFR6             00300-0036F              70           1
        SFR7             00380-003EF              70           1
        SFR8             00400-0046F              70           1
        SFR9             00480-004EF              70           1
        STRCODE          00002-00002               1           2
                         00800-00EEF             6F0
        STRING           00002-00002               1           2
                         00800-00EEF             100

                                  Symbol Table

?_ADC_GetConversion                            cstackCOMMON 00070
?__Umul8_16                                    cstackCOMMON 00070
?___fldiv                                      cstackBANK1  000AE
?___flmul                                      cstackBANK0  00026
?___fltol                                      cstackBANK0  00040
?___xxtofl                                     cstackBANK1  000A0
?i1___xxtofl                                   cstackCOMMON 00074
ADC_GetConversion@channel                      cstackCOMMON 00073
EPWM2_LoadDutyValue@dutyValue                  cstackBANK1  000A0
EUSART_SetErrorHandler@interruptHandler        cstackBANK1  000A0
EUSART_SetFramingErrorHandler@interruptHandler cstackBANK1  000A0
EUSART_SetOverrunErrorHandler@interruptHandler cstackBANK1  000A0
EUSART_Write@txData                            cstackCOMMON 00070
TMR1_ISR@CountCallBack                         bssBANK0     00057
TMR1_SetInterruptHandler@InterruptHandler      cstackBANK1  000A0
TMR1_WriteTimer@timerVal                       cstackCOMMON 00070
_ADCON0                                        (abs)        0009D
_ADCON0bits                                    (abs)        0009D
_ADCON1                                        (abs)        0009E
_ADC_GetConversion                             text32       00F8F
_ADC_Initialize                                text18       00F11
_ADRESH                                        (abs)        0009C
_ADRESL                                        (abs)        0009B
_ANSELA                                        (abs)        0018C
_ANSELB                                        (abs)        0018D
_APFCON0                                       (abs)        0011D
_APFCON1                                       (abs)        0011E
_BAUDCON                                       (abs)        0019F
_BORCON                                        (abs)        00116
_CCP2CON                                       (abs)        0029A
_CCPR2H                                        (abs)        00299
_CCPR2L                                        (abs)        00298
_CCPTMRS0bits                                  (abs)        0029E
_ECCP2AS                                       (abs)        0029C
_EPWM2_Initialize                              text17       00F41
_EPWM2_LoadDutyValue                           text4        00FC6
_EUSART_DefaultErrorHandler                    (abs)        00000
_EUSART_DefaultFramingErrorHandler             (abs)        00000
_EUSART_DefaultOverrunErrorHandler             (abs)        00000
_EUSART_ErrorHandler                           nvBANK1      000CC
_EUSART_FramingErrorHandler                    nvBANK1      000D0
_EUSART_Initialize                             text13       007A2
_EUSART_OverrunErrorHandler                    nvBANK1      000CE
_EUSART_Read                                   text20       00F4F
_EUSART_SetErrorHandler                        text16       00EF8
_EUSART_SetFramingErrorHandler                 text15       00EFE
_EUSART_SetOverrunErrorHandler                 text14       00F04
_EUSART_Write                                  text31       00F2A
_EUSART_is_rx_ready                            text19       007FB
_FVRCON                                        (abs)        00117
_FVRCONbits                                    (abs)        00117
_FVR_Initialize                                text12       00EF0
_INTCONbits                                    (abs)        0000B
_INTERRUPT_InterruptManager                    intentry     00004
_LATA                                          (abs)        0010C
_LATB                                          (abs)        0010D
_OPTION_REGbits                                (abs)        00095
_OSCCON                                        (abs)        00099
_OSCILLATOR_Initialize                         text11       00F0A
_OSCTUNE                                       (abs)        00098
_PIE1bits                                      (abs)        00091
_PIN_MANAGER_Initialize                        text10       00F5F
_PIR1bits                                      (abs)        00011
_PR2                                           (abs)        0001B
_PSTR2CON                                      (abs)        0029D
_PWM2CON                                       (abs)        0029B
_RCREG                                         (abs)        00199
_RCSTA                                         (abs)        0019D
_RCSTAbits                                     (abs)        0019D
_SPBRGH                                        (abs)        0019C
_SPBRGL                                        (abs)        0019B
_SYSTEM_Initialize                             text5        00FAA
_T1CON                                         (abs)        00018
_T1CONbits                                     (abs)        00018
_T1GCON                                        (abs)        00019
_T1GCONbits                                    (abs)        00019
_T2CON                                         (abs)        0001C
_T2CONbits                                     (abs)        0001C
_TMR1H                                         (abs)        00017
_TMR1L                                         (abs)        00016
_TMR1_CallBack                                 text24       00F34
_TMR1_DefaultInterruptHandler                  text25       00003
_TMR1_ISR                                      text22       00FE2
_TMR1_Initialize                               text8        00F77
_TMR1_InterruptHandler                         nvBANK0      00064
_TMR1_SetInterruptHandler                      text9        00F21
_TMR1_WriteTimer                               text23       007EA
_TMR2                                          (abs)        0001A
_TMR2_Initialize                               text7        00F19
_TRISA                                         (abs)        0008C
_TRISB                                         (abs)        0008D
_TXREG                                         (abs)        0019A
_TXSTA                                         (abs)        0019E
_TXSTAbits                                     (abs)        0019E
_WDTCON                                        (abs)        00097
_WDT_Initialize                                text6        00EF4
_WPUA                                          (abs)        0020C
_WPUB                                          (abs)        0020D
__H__absolute__                                __absolute__ 00000
__Habs1                                        abs1         00000
__Hbank0                                       bank0        00000
__Hbank1                                       bank1        00000
__Hbank10                                      bank10       00000
__Hbank11                                      bank11       00000
__Hbank12                                      bank12       00000
__Hbank13                                      bank13       00000
__Hbank14                                      bank14       00000
__Hbank15                                      bank15       00000
__Hbank16                                      bank16       00000
__Hbank17                                      bank17       00000
__Hbank18                                      bank18       00000
__Hbank19                                      bank19       00000
__Hbank2                                       bank2        00000
__Hbank20                                      bank20       00000
__Hbank21                                      bank21       00000
__Hbank22                                      bank22       00000
__Hbank23                                      bank23       00000
__Hbank24                                      bank24       00000
__Hbank25                                      bank25       00000
__Hbank26                                      bank26       00000
__Hbank27                                      bank27       00000
__Hbank28                                      bank28       00000
__Hbank29                                      bank29       00000
__Hbank3                                       bank3        00000
__Hbank30                                      bank30       00000
__Hbank31                                      bank31       00000
__Hbank4                                       bank4        00000
__Hbank5                                       bank5        00000
__Hbank6                                       bank6        00000
__Hbank7                                       bank7        00000
__Hbank8                                       bank8        00000
__Hbank9                                       bank9        00000
__Hbigram                                      bigram       00000
__HbssBANK0                                    bssBANK0     00000
__HbssBANK1                                    bssBANK1     00000
__Hcinit                                       cinit        00032
__Hclrtext                                     clrtext      00000
__Hcode                                        code         00000
__Hcommon                                      common       00000
__Hconfig                                      config       08009
__HcstackBANK0                                 cstackBANK0  00000
__HcstackBANK1                                 cstackBANK1  00000
__HcstackCOMMON                                cstackCOMMON 00000
__Heeprom_data                                 eeprom_data  00000
__Hend_init                                    end_init     0001B
__Hfunctab                                     functab      00000
__Hheap                                        heap         00000
__Hinit                                        init         00019
__Hintentry                                    intentry     00019
__Hmaintext                                    maintext     00000
__HnvBANK0                                     nvBANK0      00000
__HnvBANK1                                     nvBANK1      00000
__Hpowerup                                     powerup      00000
__Hram                                         ram          00000
__Hreset_vec                                   reset_vec    00002
__Hsfr0                                        sfr0         00000
__Hsfr1                                        sfr1         00000
__Hsfr10                                       sfr10        00000
__Hsfr11                                       sfr11        00000
__Hsfr12                                       sfr12        00000
__Hsfr13                                       sfr13        00000
__Hsfr14                                       sfr14        00000
__Hsfr15                                       sfr15        00000
__Hsfr16                                       sfr16        00000
__Hsfr17                                       sfr17        00000
__Hsfr18                                       sfr18        00000
__Hsfr19                                       sfr19        00000
__Hsfr2                                        sfr2         00000
__Hsfr20                                       sfr20        00000
__Hsfr21                                       sfr21        00000
__Hsfr22                                       sfr22        00000
__Hsfr23                                       sfr23        00000
__Hsfr24                                       sfr24        00000
__Hsfr25                                       sfr25        00000
__Hsfr26                                       sfr26        00000
__Hsfr27                                       sfr27        00000
__Hsfr28                                       sfr28        00000
__Hsfr29                                       sfr29        00000
__Hsfr3                                        sfr3         00000
__Hsfr30                                       sfr30        00000
__Hsfr31                                       sfr31        00000
__Hsfr4                                        sfr4         00000
__Hsfr5                                        sfr5         00000
__Hsfr6                                        sfr6         00000
__Hsfr7                                        sfr7         00000
__Hsfr8                                        sfr8         00000
__Hsfr9                                        sfr9         00000
__Hspace_0                                     (abs)        01000
__Hspace_1                                     (abs)        000D7
__Hspace_2                                     (abs)        00000
__Hspace_3                                     (abs)        00000
__Hspace_4                                     (abs)        10010
__Hstack                                       stack        00000
__Hstrings                                     strings      00000
__Htext                                        text         00000
__L__absolute__                                __absolute__ 00000
__Labs1                                        abs1         00000
__Lbank0                                       bank0        00000
__Lbank1                                       bank1        00000
__Lbank10                                      bank10       00000
__Lbank11                                      bank11       00000
__Lbank12                                      bank12       00000
__Lbank13                                      bank13       00000
__Lbank14                                      bank14       00000
__Lbank15                                      bank15       00000
__Lbank16                                      bank16       00000
__Lbank17                                      bank17       00000
__Lbank18                                      bank18       00000
__Lbank19                                      bank19       00000
__Lbank2                                       bank2        00000
__Lbank20                                      bank20       00000
__Lbank21                                      bank21       00000
__Lbank22                                      bank22       00000
__Lbank23                                      bank23       00000
__Lbank24                                      bank24       00000
__Lbank25                                      bank25       00000
__Lbank26                                      bank26       00000
__Lbank27                                      bank27       00000
__Lbank28                                      bank28       00000
__Lbank29                                      bank29       00000
__Lbank3                                       bank3        00000
__Lbank30                                      bank30       00000
__Lbank31                                      bank31       00000
__Lbank4                                       bank4        00000
__Lbank5                                       bank5        00000
__Lbank6                                       bank6        00000
__Lbank7                                       bank7        00000
__Lbank8                                       bank8        00000
__Lbank9                                       bank9        00000
__Lbigram                                      bigram       00000
__LbssBANK0                                    bssBANK0     00000
__LbssBANK1                                    bssBANK1     00000
__Lcinit                                       cinit        0001B
__Lclrtext                                     clrtext      00000
__Lcode                                        code         00000
__Lcommon                                      common       00000
__Lconfig                                      config       00000
__LcstackBANK0                                 cstackBANK0  00000
__LcstackBANK1                                 cstackBANK1  00000
__LcstackCOMMON                                cstackCOMMON 00000
__Leeprom_data                                 eeprom_data  00000
__Lend_init                                    end_init     00019
__Lfunctab                                     functab      00000
__Lheap                                        heap         00000
__Linit                                        init         00019
__Lintentry                                    intentry     00004
__Lmaintext                                    maintext     00000
__LnvBANK0                                     nvBANK0      00000
__LnvBANK1                                     nvBANK1      00000
__Lpowerup                                     powerup      00000
__Lram                                         ram          00000
__Lreset_vec                                   reset_vec    00000
__Lsfr0                                        sfr0         00000
__Lsfr1                                        sfr1         00000
__Lsfr10                                       sfr10        00000
__Lsfr11                                       sfr11        00000
__Lsfr12                                       sfr12        00000
__Lsfr13                                       sfr13        00000
__Lsfr14                                       sfr14        00000
__Lsfr15                                       sfr15        00000
__Lsfr16                                       sfr16        00000
__Lsfr17                                       sfr17        00000
__Lsfr18                                       sfr18        00000
__Lsfr19                                       sfr19        00000
__Lsfr2                                        sfr2         00000
__Lsfr20                                       sfr20        00000
__Lsfr21                                       sfr21        00000
__Lsfr22                                       sfr22        00000
__Lsfr23                                       sfr23        00000
__Lsfr24                                       sfr24        00000
__Lsfr25                                       sfr25        00000
__Lsfr26                                       sfr26        00000
__Lsfr27                                       sfr27        00000
__Lsfr28                                       sfr28        00000
__Lsfr29                                       sfr29        00000
__Lsfr3                                        sfr3         00000
__Lsfr30                                       sfr30        00000
__Lsfr31                                       sfr31        00000
__Lsfr4                                        sfr4         00000
__Lsfr5                                        sfr5         00000
__Lsfr6                                        sfr6         00000
__Lsfr7                                        sfr7         00000
__Lsfr8                                        sfr8         00000
__Lsfr9                                        sfr9         00000
__Lspace_0                                     (abs)        00000
__Lspace_1                                     (abs)        00000
__Lspace_2                                     (abs)        00000
__Lspace_3                                     (abs)        00000
__Lspace_4                                     (abs)        00000
__Lstack                                       stack        00000
__Lstrings                                     strings      00000
__Ltext                                        text         00000
__S0                                           (abs)        01000
__S1                                           (abs)        000D7
__S3                                           (abs)        00000
__Umul8_16                                     text30       007C7
__Umul8_16@multiplicand                        cstackCOMMON 00070
__Umul8_16@multiplier                          cstackCOMMON 00078
__Umul8_16@product                             cstackCOMMON 00074
__Umul8_16@word_mpld                           cstackCOMMON 00076
___fldiv                                       text3        0026D
___fldiv@a                                     cstackBANK1  000AE
___fldiv@aexp                                  cstackBANK1  000C7
___fldiv@b                                     cstackBANK1  000B2
___fldiv@bexp                                  cstackBANK1  000C6
___fldiv@grs                                   cstackBANK1  000C2
___fldiv@new_exp                               cstackBANK1  000C0
___fldiv@rem                                   cstackBANK1  000BB
___fldiv@sign                                  cstackBANK1  000BF
___flmul                                       text29       00032
___flmul@a                                     cstackBANK0  0002A
___flmul@aexp                                  cstackBANK0  00038
___flmul@b                                     cstackBANK0  00026
___flmul@bexp                                  cstackBANK0  00039
___flmul@grs                                   cstackBANK0  00034
___flmul@prod                                  cstackBANK0  0003A
___flmul@sign                                  cstackBANK0  00033
___flmul@temp                                  cstackBANK0  0003E
___fltol                                       text28       006DF
___fltol@exp1                                  cstackCOMMON 0007D
___fltol@f1                                    cstackBANK0  00040
___fltol@sign1                                 cstackCOMMON 0007C
___heap_hi                                     (abs)        00000
___heap_lo                                     (abs)        00000
___int_sp                                      stack        00000
___int_stack_hi                                stack        00000
___int_stack_lo                                stack        00000
___latbits                                     (abs)        00001
___sp                                          stack        00000
___stack_hi                                    stack        00000
___stack_lo                                    stack        00000
___stackhi                                     (abs)        00000
___stacklo                                     (abs)        00000
___xxtofl                                      text2        004FC
___xxtofl@arg                                  cstackBANK1  000AA
___xxtofl@exp                                  cstackBANK1  000A9
___xxtofl@sign                                 cstackBANK1  000A8
___xxtofl@val                                  cstackBANK1  000A0
__end_of_ADC_GetConversion                     text32       00FAA
__end_of_ADC_Initialize                        text18       00F19
__end_of_EPWM2_Initialize                      text17       00F4F
__end_of_EPWM2_LoadDutyValue                   text4        00FE2
__end_of_EUSART_Initialize                     text13       007C7
__end_of_EUSART_Read                           text20       00F5F
__end_of_EUSART_SetErrorHandler                text16       00EFE
__end_of_EUSART_SetFramingErrorHandler         text15       00F04
__end_of_EUSART_SetOverrunErrorHandler         text14       00F0A
__end_of_EUSART_Write                          text31       00F34
__end_of_EUSART_is_rx_ready                    text19       00800
__end_of_FVR_Initialize                        text12       00EF4
__end_of_INTERRUPT_InterruptManager            intentry     00019
__end_of_OSCILLATOR_Initialize                 text11       00F11
__end_of_PIN_MANAGER_Initialize                text10       00F77
__end_of_SYSTEM_Initialize                     text5        00FC6
__end_of_TMR1_CallBack                         text24       00F41
__end_of_TMR1_DefaultInterruptHandler          text25       00004
__end_of_TMR1_ISR                              text22       01000
__end_of_TMR1_Initialize                       text8        00F8F
__end_of_TMR1_SetInterruptHandler              text9        00F2A
__end_of_TMR1_WriteTimer                       text23       007FB
__end_of_TMR2_Initialize                       text7        00F21
__end_of_WDT_Initialize                        text6        00EF8
__end_of__Umul8_16                             text30       007EA
__end_of___fldiv                               text3        00417
__end_of___flmul                               text29       0026D
__end_of___fltol                               text28       00750
__end_of___xxtofl                              text2        005A7
__end_of__initialization                       cinit        0002E
__end_of_analyzeRx                             text1        006DF
__end_of_main                                  maintext     007A2
__end_of_transmitTx                            text26       004FC
__end_ofi1___xxtofl                            text27       00652
__initialization                               cinit        0001B
__pbssBANK0                                    bssBANK0     00050
__pbssBANK1                                    bssBANK1     000D2
__pcstackBANK0                                 cstackBANK0  00020
__pcstackBANK1                                 cstackBANK1  000A0
__pcstackCOMMON                                cstackCOMMON 00070
__pintentry                                    intentry     00004
__pmaintext                                    maintext     00750
__pnvBANK0                                     nvBANK0      0005C
__pnvBANK1                                     nvBANK1      000CC
__ptext1                                       text1        00652
__ptext10                                      text10       00F5F
__ptext11                                      text11       00F0A
__ptext12                                      text12       00EF0
__ptext13                                      text13       007A2
__ptext14                                      text14       00F04
__ptext15                                      text15       00EFE
__ptext16                                      text16       00EF8
__ptext17                                      text17       00F41
__ptext18                                      text18       00F11
__ptext19                                      text19       007FB
__ptext2                                       text2        004FC
__ptext20                                      text20       00F4F
__ptext22                                      text22       00FE2
__ptext23                                      text23       007EA
__ptext24                                      text24       00F34
__ptext25                                      text25       00003
__ptext26                                      text26       00417
__ptext27                                      text27       005A7
__ptext28                                      text28       006DF
__ptext29                                      text29       00032
__ptext3                                       text3        0026D
__ptext30                                      text30       007C7
__ptext31                                      text31       00F2A
__ptext32                                      text32       00F8F
__ptext4                                       text4        00FC6
__ptext5                                       text5        00FAA
__ptext6                                       text6        00EF4
__ptext7                                       text7        00F19
__ptext8                                       text8        00F77
__ptext9                                       text9        00F21
_analyzeRx                                     text1        00652
_count                                         bssBANK1     000D5
_eusartRxLastError                             bssBANK1     000D6
_lum_gain                                      nvBANK0      0005C
_main                                          maintext     00750
_measure                                       bssBANK0     0005B
_rx                                            bssBANK1     000D2
_temp_gain                                     nvBANK0      00060
_timer1ReloadVal                               bssBANK0     00059
_transmitTx                                    text26       00417
_transmitTx$1807                               cstackBANK0  0004C
_tx                                            bssBANK0     00050
btemp                                          (abs)        0007E
end_of_initialization                          cinit        0002E
i1___xxtofl                                    text27       005A7
i1___xxtofl@arg                                cstackBANK0  00022
i1___xxtofl@exp                                cstackBANK0  00021
i1___xxtofl@sign                               cstackBANK0  00020
i1___xxtofl@val                                cstackCOMMON 00074
int$flags                                      (abs)        0007E
intlevel0                                      functab      00000
intlevel1                                      functab      00000
intlevel2                                      functab      00000
intlevel3                                      functab      00000
intlevel4                                      functab      00000
intlevel5                                      functab      00000
main@rxChar                                    cstackBANK1  000CB
reset_vec                                      reset_vec    00000
start                                          init         00019
start_initialization                           cinit        0001B
wtemp0                                         (abs)        0007E


MODULE INFORMATION

Module		Function		Class		Link	Load	Size
mcc_generated_files/fvr.c
		_FVR_Initialize		CODE           	0EF0	0000	4

mcc_generated_files/fvr.c estimated size: 4

mcc_generated_files/tmr2.c
		_TMR2_Initialize		CODE           	0F19	0000	8

mcc_generated_files/tmr2.c estimated size: 8

mcc_generated_files/interrupt_manager.c
		_INTERRUPT_InterruptManager		CODE           	0004	0000	21

mcc_generated_files/interrupt_manager.c estimated size: 21

mcc_generated_files/epwm2.c
		_EPWM2_LoadDutyValue		CODE           	0FC6	0000	28
		_EPWM2_Initialize		CODE           	0F41	0000	14

mcc_generated_files/epwm2.c estimated size: 42

mcc_generated_files/pin_manager.c
		_PIN_MANAGER_Initialize		CODE           	0F5F	0000	24

mcc_generated_files/pin_manager.c estimated size: 24

mcc_generated_files/adc.c
		_ADC_Initialize		CODE           	0F11	0000	8
		_ADC_GetConversion		CODE           	0F8F	0000	27

mcc_generated_files/adc.c estimated size: 35

C:\Program Files\Microchip\xc8\v2.45\pic\sources\c99\common\sprcmul.c
		___flmul       		CODE           	0032	0000	571

C:\Program Files\Microchip\xc8\v2.45\pic\sources\c99\common\sprcmul.c estimated size: 571

C:\Program Files\Microchip\xc8\v2.45\pic\sources\c99\common\sprcdiv.c
		___fldiv       		CODE           	026D	0000	426

C:\Program Files\Microchip\xc8\v2.45\pic\sources\c99\common\sprcdiv.c estimated size: 426

shared
		__initialization		CODE           	001B	0000	19
		i1___xxtofl    		CODE           	05A7	0000	171

shared estimated size: 190

C:\Program Files\Microchip\xc8\v2.45\pic\sources\c99\common\xxtofl.c
		___xxtofl      		CODE           	04FC	0000	171

C:\Program Files\Microchip\xc8\v2.45\pic\sources\c99\common\xxtofl.c estimated size: 171

mcc_generated_files/mcc.c
		_WDT_Initialize		CODE           	0EF4	0000	4
		_OSCILLATOR_Initialize		CODE           	0F0A	0000	7
		_SYSTEM_Initialize		CODE           	0FAA	0000	28

mcc_generated_files/mcc.c estimated size: 39

mcc_generated_files/tmr1.c
		_TMR1_Initialize		CODE           	0F77	0000	24
		_TMR1_SetInterruptHandler		CODE           	0F21	0000	9
		_TMR1_DefaultInterruptHandler		CODE           	0003	0000	1
		_TMR1_CallBack 		CODE           	0F34	0000	13
		_TMR1_WriteTimer		CODE           	07EA	0000	17
		_TMR1_ISR      		CODE           	0FE2	0000	30

mcc_generated_files/tmr1.c estimated size: 94

C:\Program Files\Microchip\xc8\v2.45\pic\sources\c99\common\Umul8_16.c
		__Umul8_16     		CODE           	07C7	0000	35

C:\Program Files\Microchip\xc8\v2.45\pic\sources\c99\common\Umul8_16.c estimated size: 35

mcc_generated_files/eusart.c
		_EUSART_Read   		CODE           	0F4F	0000	16
		_EUSART_Write  		CODE           	0F2A	0000	10
		_EUSART_Initialize		CODE           	07A2	0000	37
		_EUSART_SetFramingErrorHandler		CODE           	0EFE	0000	6
		_EUSART_SetErrorHandler		CODE           	0EF8	0000	6
		_EUSART_SetOverrunErrorHandler		CODE           	0F04	0000	6
		_EUSART_is_rx_ready		CODE           	07FB	0000	5

mcc_generated_files/eusart.c estimated size: 86

main.c
		_analyzeRx     		CODE           	0652	0000	141
		_main          		CODE           	0750	0000	82
		_transmitTx    		CODE           	0417	0000	229

main.c estimated size: 452

C:\Program Files\Microchip\xc8\v2.45\pic\sources\c99\common\fltol.c
		___fltol       		CODE           	06DF	0000	113

C:\Program Files\Microchip\xc8\v2.45\pic\sources\c99\common\fltol.c estimated size: 113

